// Jest Snapshot v1, https://goo.gl/fbAQLP

exports[`INTEGRATION TESTS IN NAVBAR matches the snapshot 1`] = `
<header
  className="navbar"
>
  <a
    aria-current="page"
    className="active"
    href="/"
    onClick={[Function]}
    style={Object {}}
  >
    <span
      className="material-icons-outlined"
    >
      arrow_back_ios
    </span>
  </a>
  <span
    className="navbar-title"
  >
    forex today
  </span>
  <span>
    <span
      className="material-icons-outlined navbar-icons"
    >
      mic
    </span>
    <span
      className="material-icons-outlined navbar-icons"
    >
      settings
    </span>
  </span>
</header>
`;
